==================== 2026-05-28T12:09:20.783381Z | 3a691b73-9833-4a0d-95df-02376803abf5 ====================
12:09:20.783407 [info ]: Starting dbt LSP server
12:09:20.783424 [info ]: Connecting to LSP client on port 8000
12:09:21.090571 [info ]: Successfully connected to LSP client
12:09:21.090594 [info ]: Creating LSP service...
12:09:21.142735 [info ]: Creating LSP server...
12:09:21.142759 [info ]: Starting LSP server...
12:09:21.153153 [info ]: Loading profiles.yml
12:09:21.176525 [info ]: Waiting for lease on 'target' directory
12:09:21.716871 [info ]: Started loading project
12:09:21.717387 [info ]: Loading profiles.yml
12:09:21.722131 [debug]:    Started loading packages
12:09:21.723541 [debug]:     Loaded [  0.00s] packages
12:09:21.724165 [info ]: Started parsing
12:09:21.743761 [info ]: Finished loading project [  0.03s]
12:09:21.744431 [debug]: Finished parsing models\marts\schema.yml [  0.00s]
12:09:21.744761 [debug]: Finished parsing models\staging\schema.yml [  0.00s]
12:09:21.746627 [debug]: Finished parsing models\marts\mart_player_performance.sql [  0.00s]
12:09:21.747188 [debug]: Finished parsing models\marts\mart_tournois_stats.sql [  0.00s]
12:09:21.749293 [debug]: Finished parsing models\staging\stg_parquets.sql [  0.00s]
12:09:21.750021 [info ]: Finished parsing [  0.03s]
12:09:21.750399 [info ]: Cached model count updated: 3 models (estimate)
12:09:21.750412 [info ]: Cached model count updated: 3 models (accurate)
12:09:21.750431 [info ]: Started scheduling
12:09:21.750470 [info ]: Finished scheduling [  0.00s]
12:09:21.750479 [debug]: Compilation - 0 nodes selected: {}
12:09:21.750491 [warn ]: dbt1092: The selection criterion '' does not match any enabled nodes
12:09:21.750505 [warn ]: dbt1601: Nothing to do. Try checking your model configs and model specification args
12:09:21.750513 [info ]: Started scheduling
12:09:21.750541 [info ]: Finished scheduling [  0.00s]
12:09:21.881745 [info ]: Started building task graph
12:09:21.881782 [info ]: Finished building task graph [  0.00s]
12:09:21.884426 [info ]: Started scheduling
12:09:21.884464 [info ]: Finished scheduling [  0.00s]
12:09:21.884786 [info ]: Cached model count updated: 3 models (accurate)
